]0;/home/yurimaluf/TESE/Tese - Paper/Yuri - Papers/Paper - Robust Estimation via MPD in Beta Regression/Pacote robustbetareg/robustbetareg]0;yurimaluf@Yuri: ~/TESE/Tese - Paper/Yuri - Papers/Paper - Robust Estimation via MPD in Beta Regression/Pacote robustbetareg/robustbetareg[01;32myurimaluf@Yuri[00m:[01;34m~/TESE/Tese - Paper/Yuri - Papers/Paper - Robust Estimation via MPD in Beta Regression/Pacote robustbetareg/robustbetareg[00m$ git d[KV[KRE[K[Kremote add origin https://githu b.com/yurimaluf/robustbetareg.git
fatal: Not a git repository (or any of the parent directories): .git
]0;/home/yurimaluf/TESE/Tese - Paper/Yuri - Papers/Paper - Robust Estimation via MPD in Beta Regression/Pacote robustbetareg/robustbetareg]0;yurimaluf@Yuri: ~/TESE/Tese - Paper/Yuri - Papers/Paper - Robust Estimation via MPD in Beta Regression/Pacote robustbetareg/robustbetareg[01;32myurimaluf@Yuri[00m:[01;34m~/TESE/Tese - Paper/Yuri - Papers/Paper - Robust Estimation via MPD in Beta Regression/Pacote robustbetareg/robustbetareg[00m$ git init 
Initialized empty Git repository in /home/yurimaluf/TESE/Tese - Paper/Yuri - Papers/Paper - Robust Estimation via MPD in Beta Regression/Pacote robustbetareg/robustbetareg/.git/
]0;/home/yurimaluf/TESE/Tese - Paper/Yuri - Papers/Paper - Robust Estimation via MPD in Beta Regression/Pacote robustbetareg/robustbetareg]0;yurimaluf@Yuri: ~/TESE/Tese - Paper/Yuri - Papers/Paper - Robust Estimation via MPD in Beta Regression/Pacote robustbetareg/robustbetareg[01;32myurimaluf@Yuri[00m:[01;34m~/TESE/Tese - Paper/Yuri - Papers/Paper - Robust Estimation via MPD in Beta Regression/Pacote robustbetareg/robustbetareg[00m$ git mo[K[Kcommit -m ""f"i"r"s"t" "c"o"m"m"i"t" "[1P"
No ramo master

Submissão inicial.

Arquivos não monitorados:
	[31m.Rbuildignore[m
	[31m.Rproj.user/[m
	[31mDESCRIPTION[m
	[31mNAMESPACE[m
	[31mR/[m
	[31mman/[m
	[31mrobustbetareg.Rproj[m

nada adicionado ao envio mas arquivos não registrados estão presentes
]0;/home/yurimaluf/TESE/Tese - Paper/Yuri - Papers/Paper - Robust Estimation via MPD in Beta Regression/Pacote robustbetareg/robustbetareg]0;yurimaluf@Yuri: ~/TESE/Tese - Paper/Yuri - Papers/Paper - Robust Estimation via MPD in Beta Regression/Pacote robustbetareg/robustbetareg[01;32myurimaluf@Yuri[00m:[01;34m~/TESE/Tese - Paper/Yuri - Papers/Paper - Robust Estimation via MPD in Beta Regression/Pacote robustbetareg/robustbetareg[00m$ git brach[K[Knch -m [K[Km[KM main
error: refname refs/heads/master not found
fatal: Branch rename failed
]0;/home/yurimaluf/TESE/Tese - Paper/Yuri - Papers/Paper - Robust Estimation via MPD in Beta Regression/Pacote robustbetareg/robustbetareg]0;yurimaluf@Yuri: ~/TESE/Tese - Paper/Yuri - Papers/Paper - Robust Estimation via MPD in Beta Regression/Pacote robustbetareg/robustbetareg[01;32myurimaluf@Yuri[00m:[01;34m~/TESE/Tese - Paper/Yuri - Papers/Paper - Robust Estimation via MPD in Beta Regression/Pacote robustbetareg/robustbetareg[00m$ git push origin main
error: src refspec main does not match any.
error: failed to push some refs to 'origin'
]0;/home/yurimaluf/TESE/Tese - Paper/Yuri - Papers/Paper - Robust Estimation via MPD in Beta Regression/Pacote robustbetareg/robustbetareg]0;yurimaluf@Yuri: ~/TESE/Tese - Paper/Yuri - Papers/Paper - Robust Estimation via MPD in Beta Regression/Pacote robustbetareg/robustbetareg[01;32myurimaluf@Yuri[00m:[01;34m~/TESE/Tese - Paper/Yuri - Papers/Paper - Robust Estimation via MPD in Beta Regression/Pacote robustbetareg/robustbetareg[00m$ git remote add origin https://githu b.com/uy[K[Kyui[Krimaluf/robustbetareg.git
]0;/home/yurimaluf/TESE/Tese - Paper/Yuri - Papers/Paper - Robust Estimation via MPD in Beta Regression/Pacote robustbetareg/robustbetareg]0;yurimaluf@Yuri: ~/TESE/Tese - Paper/Yuri - Papers/Paper - Robust Estimation via MPD in Beta Regression/Pacote robustbetareg/robustbetareg[01;32myurimaluf@Yuri[00m:[01;34m~/TESE/Tese - Paper/Yuri - Papers/Paper - Robust Estimation via MPD in Beta Regression/Pacote robustbetareg/robustbetareg[00m$ git push origin main
error: src refspec main does not match any.
error: failed to push some refs to 'https://github.com/yurimaluf/robustbetareg.git'
]0;/home/yurimaluf/TESE/Tese - Paper/Yuri - Papers/Paper - Robust Estimation via MPD in Beta Regression/Pacote robustbetareg/robustbetareg]0;yurimaluf@Yuri: ~/TESE/Tese - Paper/Yuri - Papers/Paper - Robust Estimation via MPD in Beta Regression/Pacote robustbetareg/robustbetareg[01;32myurimaluf@Yuri[00m:[01;34m~/TESE/Tese - Paper/Yuri - Papers/Paper - Robust Estimation via MPD in Beta Regression/Pacote robustbetareg/robustbetareg[00m$ git push origin main[K[K[K[K[K[K[K[K[K[K[K[K[K[K[K[Kc[Kcommit -m ""t"e"s"t"e"[C[K[K[K[K[K[K[K[K[K[K[K[K[K[K[K[K[K[K[Kt add *
]0;/home/yurimaluf/TESE/Tese - Paper/Yuri - Papers/Paper - Robust Estimation via MPD in Beta Regression/Pacote robustbetareg/robustbetareg]0;yurimaluf@Yuri: ~/TESE/Tese - Paper/Yuri - Papers/Paper - Robust Estimation via MPD in Beta Regression/Pacote robustbetareg/robustbetareg[01;32myurimaluf@Yuri[00m:[01;34m~/TESE/Tese - Paper/Yuri - Papers/Paper - Robust Estimation via MPD in Beta Regression/Pacote robustbetareg/robustbetareg[00m$ git commit -m ""t"e"s"t"e"
[master (root-commit) d5d4864] teste
 21 files changed, 3503 insertions(+)
 create mode 100644 DESCRIPTION
 create mode 100644 NAMESPACE
 create mode 100644 R/Aux-Functions.R
 create mode 100644 R/Functions-LMDPDE.R
 create mode 100644 R/Functions-LSMLE.R
 create mode 100644 R/Functions-MDPDE.R
 create mode 100644 R/Functions-SMLE.R
 create mode 100644 R/Main-Functions.R
 create mode 100644 R/Show-Result.R
 create mode 100644 R/zzz.R
 create mode 100644 man/WaldTypeTest.Rd
 create mode 100644 man/degbeta.Rd
 create mode 100644 man/hello.Rd
 create mode 100644 man/plot.robustbetareg.Rd
 create mode 100644 man/plotenvelope.Rd
 create mode 100644 man/predict.Rd
 create mode 100644 man/residuals.robustbetareg.Rd
 create mode 100644 man/robustbetareg.Rd
 create mode 100644 man/robustbetareg.control.Rd
 create mode 100644 man/set.link.Rd
 create mode 100644 robustbetareg.Rproj
]0;/home/yurimaluf/TESE/Tese - Paper/Yuri - Papers/Paper - Robust Estimation via MPD in Beta Regression/Pacote robustbetareg/robustbetareg]0;yurimaluf@Yuri: ~/TESE/Tese - Paper/Yuri - Papers/Paper - Robust Estimation via MPD in Beta Regression/Pacote robustbetareg/robustbetareg[01;32myurimaluf@Yuri[00m:[01;34m~/TESE/Tese - Paper/Yuri - Papers/Paper - Robust Estimation via MPD in Beta Regression/Pacote robustbetareg/robustbetareg[00m$ git push pri[K[K[Korigin main
error: src refspec main does not match any.
error: failed to push some refs to 'https://github.com/yurimaluf/robustbetareg.git'
]0;/home/yurimaluf/TESE/Tese - Paper/Yuri - Papers/Paper - Robust Estimation via MPD in Beta Regression/Pacote robustbetareg/robustbetareg]0;yurimaluf@Yuri: ~/TESE/Tese - Paper/Yuri - Papers/Paper - Robust Estimation via MPD in Beta Regression/Pacote robustbetareg/robustbetareg[01;32myurimaluf@Yuri[00m:[01;34m~/TESE/Tese - Paper/Yuri - Papers/Paper - Robust Estimation via MPD in Beta Regression/Pacote robustbetareg/robustbetareg[00m$ git brac[Knch -M main
]0;/home/yurimaluf/TESE/Tese - Paper/Yuri - Papers/Paper - Robust Estimation via MPD in Beta Regression/Pacote robustbetareg/robustbetareg]0;yurimaluf@Yuri: ~/TESE/Tese - Paper/Yuri - Papers/Paper - Robust Estimation via MPD in Beta Regression/Pacote robustbetareg/robustbetareg[01;32myurimaluf@Yuri[00m:[01;34m~/TESE/Tese - Paper/Yuri - Papers/Paper - Robust Estimation via MPD in Beta Regression/Pacote robustbetareg/robustbetareg[00m$ git branch -M main[2@push origin[C[C[C[C[C
error: cannot run rpostback-askpass: Arquivo ou diretório não encontrado
Username for 'https://github.com': ^[[A^[[A        yurimaluf
error: cannot run rpostback-askpass: Arquivo ou diretório não encontrado
Password for 'https://yurimaluf@github.com': 
remote: Support for password authentication was removed on August 13, 2021.
remote: Please see https://docs.github.com/en/get-started/getting-started-with-git/about-remote-repositories#cloning-with-https-urls for information on currently recommended modes of authentication.
fatal: Authentication failed for 'https://github.com/yurimaluf/robustbetareg.git/'
]0;/home/yurimaluf/TESE/Tese - Paper/Yuri - Papers/Paper - Robust Estimation via MPD in Beta Regression/Pacote robustbetareg/robustbetareg]0;yurimaluf@Yuri: ~/TESE/Tese - Paper/Yuri - Papers/Paper - Robust Estimation via MPD in Beta Regression/Pacote robustbetareg/robustbetareg[01;32myurimaluf@Yuri[00m:[01;34m~/TESE/Tese - Paper/Yuri - Papers/Paper - Robust Estimation via MPD in Beta Regression/Pacote robustbetareg/robustbetareg[00m$ git add .
]0;/home/yurimaluf/TESE/Tese - Paper/Yuri - Papers/Paper - Robust Estimation via MPD in Beta Regression/Pacote robustbetareg/robustbetareg]0;yurimaluf@Yuri: ~/TESE/Tese - Paper/Yuri - Papers/Paper - Robust Estimation via MPD in Beta Regression/Pacote robustbetareg/robustbetareg[01;32myurimaluf@Yuri[00m:[01;34m~/TESE/Tese - Paper/Yuri - Papers/Paper - Robust Estimation via MPD in Beta Regression/Pacote robustbetareg/robustbetareg[00m$ p[Kgut [K[K[Kit commut[K[Kit -m ""t"e"s"t"e"
[main ed0267f] teste
 114 files changed, 24637 insertions(+)
 create mode 100644 .Rbuildignore
 create mode 100644 .Rproj.user/58547870/console06/A338E771
 create mode 100644 .Rproj.user/58547870/console06/A338E771.env
 create mode 100644 .Rproj.user/58547870/console06/INDEX001
 create mode 100644 .Rproj.user/58547870/sources/prop/167E1DA1
 create mode 100644 .Rproj.user/58547870/sources/prop/1686DA29
 create mode 100644 .Rproj.user/58547870/sources/prop/38B8B95D
 create mode 100644 .Rproj.user/58547870/sources/prop/3F1831B4
 create mode 100644 .Rproj.user/58547870/sources/prop/4967A185
 create mode 100644 .Rproj.user/58547870/sources/prop/49A063A8
 create mode 100644 .Rproj.user/58547870/sources/prop/4EECD58F
 create mode 100644 .Rproj.user/58547870/sources/prop/50A69FAD
 create mode 100644 .Rproj.user/58547870/sources/prop/5AFAFA96
 create mode 100644 .Rproj.user/58547870/sources/prop/685ACC52
 create mode 100644 .Rproj.user/58547870/sources/prop/6B402663
 create mode 100644 .Rproj.user/58547870/sources/prop/6BB42C4E
 create mode 100644 .Rproj.user/58547870/sources/prop/6C8D35F7
 create mode 100644 .Rproj.user/58547870/sources/prop/7473733C
 create mode 100644 .Rproj.user/58547870/sources/prop/7B0AE8BA
 create mode 100644 .Rproj.user/58547870/sources/prop/7C389A4A
 create mode 100644 .Rproj.user/58547870/sources/prop/7E720DE0
 create mode 100644 .Rproj.user/58547870/sources/prop/985B87BC
 create mode 100644 .Rproj.user/58547870/sources/prop/9AAEF839
 create mode 100644 .Rproj.user/58547870/sources/prop/A20EA7C8
 create mode 100644 .Rproj.user/58547870/sources/prop/BFE95BD1
 create mode 100644 .Rproj.user/58547870/sources/prop/C354BB50
 create mode 100644 .Rproj.user/58547870/sources/prop/C89557BB
 create mode 100644 .Rproj.user/58547870/sources/prop/D1CD0A22
 create mode 100644 .Rproj.user/58547870/sources/prop/D77C85FF
 create mode 100644 .Rproj.user/58547870/sources/prop/DB62B432
 create mode 100644 .Rproj.user/58547870/sources/prop/DCFB52C4
 create mode 100644 .Rproj.user/58547870/sources/prop/EC84037C
 create mode 100644 .Rproj.user/58547870/sources/prop/F118029A
 create mode 100644 .Rproj.user/58547870/sources/prop/F7733817
 create mode 100644 .Rproj.user/58547870/sources/prop/INDEX
 create mode 100644 .Rproj.user/58547870/sources/s-714445BC/11108025-contents
 create mode 100644 .Rproj.user/58547870/sources/s-714445BC/16B78325-contents
 create mode 100644 .Rproj.user/58547870/sources/s-714445BC/20AF47D6-contents
 create mode 100644 .Rproj.user/58547870/sources/s-714445BC/22DD2E9F-contents
 create mode 100644 .Rproj.user/58547870/sources/s-714445BC/23C91DE3-contents
 create mode 100644 .Rproj.user/58547870/sources/s-714445BC/26ADEE8D-contents
 create mode 100644 .Rproj.user/58547870/sources/s-714445BC/281F595B-contents
 create mode 100644 .Rproj.user/58547870/sources/s-714445BC/2C5FAA97
 create mode 100644 .Rproj.user/58547870/sources/s-714445BC/2C5FAA97-contents
 create mode 100644 .Rproj.user/58547870/sources/s-714445BC/2C786901-contents
 create mode 100644 .Rproj.user/58547870/sources/s-714445BC/30743821-contents
 create mode 100644 .Rproj.user/58547870/sources/s-714445BC/3649EEC8-contents
 create mode 100644 .Rproj.user/58547870/sources/s-714445BC/414B2CE9-contents
 create mode 100644 .Rproj.user/58547870/sources/s-714445BC/437D08DC
 create mode 100644 .Rproj.user/58547870/sources/s-714445BC/437D08DC-contents
 create mode 100644 .Rproj.user/58547870/sources/s-714445BC/5132CFF9-contents
 create mode 100644 .Rproj.user/58547870/sources/s-714445BC/58863F81-contents
 create mode 100644 .Rproj.user/58547870/sources/s-714445BC/596E6051-contents
 create mode 100644 .Rproj.user/58547870/sources/s-714445BC/59AB4707
 create mode 100644 .Rproj.user/58547870/sources/s-714445BC/59AB4707-contents
 create mode 100644 .Rproj.user/58547870/sources/s-714445BC/5CDA315E-contents
 create mode 100644 .Rproj.user/58547870/sources/s-714445BC/5F18CE38-contents
 create mode 100644 .Rproj.user/58547870/sources/s-714445BC/614CB444-contents
 create mode 100644 .Rproj.user/58547870/sources/s-714445BC/6502F2C4-contents
 create mode 100644 .Rproj.user/58547870/sources/s-714445BC/66B6E1F4-contents
 create mode 100644 .Rproj.user/58547870/sources/s-714445BC/6AD4C063-contents
 create mode 100644 .Rproj.user/58547870/sources/s-714445BC/6CA86857-contents
 create mode 100644 .Rproj.user/58547870/sources/s-714445BC/6E699CB5-contents
 create mode 100644 .Rproj.user/58547870/sources/s-714445BC/6F687691-contents
 create mode 100644 .Rproj.user/58547870/sources/s-714445BC/72F5F780-contents
 create mode 100644 .Rproj.user/58547870/sources/s-714445BC/737FA6CA-contents
 create mode 100644 .Rproj.user/58547870/sources/s-714445BC/77C32ECB
 create mode 100644 .Rproj.user/58547870/sources/s-714445BC/77C32ECB-contents
 create mode 100644 .Rproj.user/58547870/sources/s-714445BC/79139056-contents
 create mode 100644 .Rproj.user/58547870/sources/s-714445BC/80E164CF-contents
 create mode 100644 .Rproj.user/58547870/sources/s-714445BC/80E471D8-contents
 create mode 100644 .Rproj.user/58547870/sources/s-714445BC/8ED85ADF
 create mode 100644 .Rproj.user/58547870/sources/s-714445BC/8ED85ADF-contents
 create mode 100644 .Rproj.user/58547870/sources/s-714445BC/8F66BFF-contents
 create mode 100644 .Rproj.user/58547870/sources/s-714445BC/916C7047-contents
 create mode 100644 .Rproj.user/58547870/sources/s-714445BC/9B28C4E8-contents
 create mode 100644 .Rproj.user/58547870/sources/s-714445BC/A3112698-contents
 create mode 100644 .Rproj.user/58547870/sources/s-714445BC/AA324A07
 create mode 100644 .Rproj.user/58547870/sources/s-714445BC/AA324A07-contents
 create mode 100644 .Rproj.user/58547870/sources/s-714445BC/AB5318E2-contents
 create mode 100644 .Rproj.user/58547870/sources/s-714445BC/AC9458E2-contents
 create mode 100644 .Rproj.user/58547870/sources/s-714445BC/B5A9DD52-contents
 create mode 100644 .Rproj.user/58547870/sources/s-714445BC/B818B407-contents
 create mode 100644 .Rproj.user/58547870/sources/s-714445BC/BBB49365-contents
 create mode 100644 .Rproj.user/58547870/sources/s-714445BC/C222FB8E-contents
 create mode 100644 .Rproj.user/58547870/sources/s-714445BC/C6F5DEC9
 create mode 100644 .Rproj.user/58547870/sources/s-714445BC/C6F5DEC9-contents
 create mode 100644 .Rproj.user/58547870/sources/s-714445BC/C723C300-contents
 create mode 100644 .Rproj.user/58547870/sources/s-714445BC/C7B6B437-contents
 create mode 100644 .Rproj.user/58547870/sources/s-714445BC/CD693C0B-contents
 create mode 100644 .Rproj.user/58547870/sources/s-714445BC/D0F3C47D
 create mode 100644 .Rproj.user/58547870/sources/s-714445BC/D0F3C47D-contents
 create mode 100644 .Rproj.user/58547870/sources/s-714445BC/D3A8722F-contents
 create mode 100644 .Rproj.user/58547870/sources/s-714445BC/D81545E2-contents
 create mode 100644 .Rproj.user/58547870/sources/s-714445BC/DDA4D962-contents
 create mode 100644 .Rproj.user/58547870/sources/s-714445BC/DDBBA3FB-contents
 create mode 100644 .Rproj.user/58547870/sources/s-714445BC/E7111F9D-contents
 create mode 100644 .Rproj.user/58547870/sources/s-714445BC/E73CB3A5-contents
 create mode 100644 .Rproj.user/58547870/sources/s-714445BC/E7FDF2F0
 create mode 100644 .Rproj.user/58547870/sources/s-714445BC/E7FDF2F0-contents
 create mode 100644 .Rproj.user/58547870/sources/s-714445BC/EA77FCE8
 create mode 100644 .Rproj.user/58547870/sources/s-714445BC/EA77FCE8-contents
 create mode 100644 .Rproj.user/58547870/sources/s-714445BC/F7DC5BA3-contents
 create mode 100644 .Rproj.user/58547870/sources/s-714445BC/F954DBDE-contents
 create mode 100644 .Rproj.user/58547870/sources/s-714445BC/FA11400C-contents
 create mode 100644 .Rproj.user/58547870/sources/s-714445BC/FB388B90-contents
 create mode 100644 .Rproj.user/58547870/sources/s-714445BC/FE9F72A
 create mode 100644 .Rproj.user/58547870/sources/s-714445BC/FE9F72A-contents
 create mode 100644 .Rproj.user/58547870/sources/s-714445BC/FED2002A-contents
 create mode 100644 .Rproj.user/58547870/sources/s-714445BC/lock_file
 create mode 100644 .Rproj.user/shared/notebooks/B5E5CB3-ReportApp/1/s/c5tnf5j50zl6q/000002.csv
 create mode 100644 .Rproj.user/shared/notebooks/B5E5CB3-ReportApp/1/s/chunks.json
 create mode 100644 .Rproj.user/shared/notebooks/patch-chunk-names
 create mode 100644 .Rproj.user/shared/notebooks/paths
]0;/home/yurimaluf/TESE/Tese - Paper/Yuri - Papers/Paper - Robust Estimation via MPD in Beta Regression/Pacote robustbetareg/robustbetareg]0;yurimaluf@Yuri: ~/TESE/Tese - Paper/Yuri - Papers/Paper - Robust Estimation via MPD in Beta Regression/Pacote robustbetareg/robustbetareg[01;32myurimaluf@Yuri[00m:[01;34m~/TESE/Tese - Paper/Yuri - Papers/Paper - Robust Estimation via MPD in Beta Regression/Pacote robustbetareg/robustbetareg[00m$ git push origin main
error: cannot run rpostback-askpass: Arquivo ou diretório não encontrado
Username for 'https://github.com': yurimaluf
error: cannot run rpostback-askpass: Arquivo ou diretório não encontrado
Password for 'https://yurimaluf@github.com': 
]0;/home/yurimaluf/TESE/Tese - Paper/Yuri - Papers/Paper - Robust Estimation via MPD in Beta Regression/Pacote robustbetareg/robustbetareg]0;yurimaluf@Yuri: ~/TESE/Tese - Paper/Yuri - Papers/Paper - Robust Estimation via MPD in Beta Regression/Pacote robustbetareg/robustbetareg[01;32myurimaluf@Yuri[00m:[01;34m~/TESE/Tese - Paper/Yuri - Papers/Paper - Robust Estimation via MPD in Beta Regression/Pacote robustbetareg/robustbetareg[00m$ git add .
]0;/home/yurimaluf/TESE/Tese - Paper/Yuri - Papers/Paper - Robust Estimation via MPD in Beta Regression/Pacote robustbetareg/robustbetareg]0;yurimaluf@Yuri: ~/TESE/Tese - Paper/Yuri - Papers/Paper - Robust Estimation via MPD in Beta Regression/Pacote robustbetareg/robustbetareg[01;32myurimaluf@Yuri[00m:[01;34m~/TESE/Tese - Paper/Yuri - Papers/Paper - Robust Estimation via MPD in Beta Regression/Pacote robustbetareg/robustbetareg[00m$ git commit -m ""t"e"s"t"e"
[main ef5d3f2] teste
 87 files changed, 138 insertions(+), 24251 deletions(-)
 rewrite .Rproj.user/58547870/console06/INDEX001 (100%)
 delete mode 100644 .Rproj.user/58547870/sources/s-714445BC/11108025-contents
 delete mode 100644 .Rproj.user/58547870/sources/s-714445BC/16B78325-contents
 delete mode 100644 .Rproj.user/58547870/sources/s-714445BC/20AF47D6-contents
 delete mode 100644 .Rproj.user/58547870/sources/s-714445BC/22DD2E9F-contents
 delete mode 100644 .Rproj.user/58547870/sources/s-714445BC/23C91DE3-contents
 delete mode 100644 .Rproj.user/58547870/sources/s-714445BC/26ADEE8D-contents
 delete mode 100644 .Rproj.user/58547870/sources/s-714445BC/281F595B-contents
 delete mode 100644 .Rproj.user/58547870/sources/s-714445BC/2C5FAA97
 delete mode 100644 .Rproj.user/58547870/sources/s-714445BC/2C5FAA97-contents
 delete mode 100644 .Rproj.user/58547870/sources/s-714445BC/2C786901-contents
 delete mode 100644 .Rproj.user/58547870/sources/s-714445BC/30743821-contents
 delete mode 100644 .Rproj.user/58547870/sources/s-714445BC/3649EEC8-contents
 delete mode 100644 .Rproj.user/58547870/sources/s-714445BC/414B2CE9-contents
 delete mode 100644 .Rproj.user/58547870/sources/s-714445BC/437D08DC
 delete mode 100644 .Rproj.user/58547870/sources/s-714445BC/437D08DC-contents
 delete mode 100644 .Rproj.user/58547870/sources/s-714445BC/5132CFF9-contents
 delete mode 100644 .Rproj.user/58547870/sources/s-714445BC/58863F81-contents
 delete mode 100644 .Rproj.user/58547870/sources/s-714445BC/596E6051-contents
 delete mode 100644 .Rproj.user/58547870/sources/s-714445BC/59AB4707
 delete mode 100644 .Rproj.user/58547870/sources/s-714445BC/59AB4707-contents
 delete mode 100644 .Rproj.user/58547870/sources/s-714445BC/5CDA315E-contents
 delete mode 100644 .Rproj.user/58547870/sources/s-714445BC/5F18CE38-contents
 delete mode 100644 .Rproj.user/58547870/sources/s-714445BC/614CB444-contents
 delete mode 100644 .Rproj.user/58547870/sources/s-714445BC/6502F2C4-contents
 delete mode 100644 .Rproj.user/58547870/sources/s-714445BC/66B6E1F4-contents
 delete mode 100644 .Rproj.user/58547870/sources/s-714445BC/6AD4C063-contents
 delete mode 100644 .Rproj.user/58547870/sources/s-714445BC/6CA86857-contents
 delete mode 100644 .Rproj.user/58547870/sources/s-714445BC/6E699CB5-contents
 delete mode 100644 .Rproj.user/58547870/sources/s-714445BC/6F687691-contents
 delete mode 100644 .Rproj.user/58547870/sources/s-714445BC/72F5F780-contents
 delete mode 100644 .Rproj.user/58547870/sources/s-714445BC/737FA6CA-contents
 delete mode 100644 .Rproj.user/58547870/sources/s-714445BC/77C32ECB
 delete mode 100644 .Rproj.user/58547870/sources/s-714445BC/77C32ECB-contents
 delete mode 100644 .Rproj.user/58547870/sources/s-714445BC/79139056-contents
 delete mode 100644 .Rproj.user/58547870/sources/s-714445BC/80E164CF-contents
 delete mode 100644 .Rproj.user/58547870/sources/s-714445BC/80E471D8-contents
 delete mode 100644 .Rproj.user/58547870/sources/s-714445BC/8ED85ADF
 delete mode 100644 .Rproj.user/58547870/sources/s-714445BC/8ED85ADF-contents
 delete mode 100644 .Rproj.user/58547870/sources/s-714445BC/8F66BFF-contents
 delete mode 100644 .Rproj.user/58547870/sources/s-714445BC/916C7047-contents
 delete mode 100644 .Rproj.user/58547870/sources/s-714445BC/9B28C4E8-contents
 delete mode 100644 .Rproj.user/58547870/sources/s-714445BC/A3112698-contents
 delete mode 100644 .Rproj.user/58547870/sources/s-714445BC/AA324A07
 delete mode 100644 .Rproj.user/58547870/sources/s-714445BC/AA324A07-contents
 delete mode 100644 .Rproj.user/58547870/sources/s-714445BC/AB5318E2-contents
 delete mode 100644 .Rproj.user/58547870/sources/s-714445BC/AC9458E2-contents
 delete mode 100644 .Rproj.user/58547870/sources/s-714445BC/B5A9DD52-contents
 delete mode 100644 .Rproj.user/58547870/sources/s-714445BC/B818B407-contents
 delete mode 100644 .Rproj.user/58547870/sources/s-714445BC/BBB49365-contents
 delete mode 100644 .Rproj.user/58547870/sources/s-714445BC/C222FB8E-contents
 delete mode 100644 .Rproj.user/58547870/sources/s-714445BC/C6F5DEC9
 delete mode 100644 .Rproj.user/58547870/sources/s-714445BC/C6F5DEC9-contents
 delete mode 100644 .Rproj.user/58547870/sources/s-714445BC/C723C300-contents
 delete mode 100644 .Rproj.user/58547870/sources/s-714445BC/C7B6B437-contents
 delete mode 100644 .Rproj.user/58547870/sources/s-714445BC/CD693C0B-contents
 delete mode 100644 .Rproj.user/58547870/sources/s-714445BC/D0F3C47D
 delete mode 100644 .Rproj.user/58547870/sources/s-714445BC/D0F3C47D-contents
 delete mode 100644 .Rproj.user/58547870/sources/s-714445BC/D3A8722F-contents
 delete mode 100644 .Rproj.user/58547870/sources/s-714445BC/D81545E2-contents
 delete mode 100644 .Rproj.user/58547870/sources/s-714445BC/DDA4D962-contents
 delete mode 100644 .Rproj.user/58547870/sources/s-714445BC/DDBBA3FB-contents
 delete mode 100644 .Rproj.user/58547870/sources/s-714445BC/E7111F9D-contents
 delete mode 100644 .Rproj.user/58547870/sources/s-714445BC/E73CB3A5-contents
 delete mode 100644 .Rproj.user/58547870/sources/s-714445BC/E7FDF2F0
 delete mode 100644 .Rproj.user/58547870/sources/s-714445BC/E7FDF2F0-contents
 delete mode 100644 .Rproj.user/58547870/sources/s-714445BC/EA77FCE8
 delete mode 100644 .Rproj.user/58547870/sources/s-714445BC/EA77FCE8-contents
 delete mode 100644 .Rproj.user/58547870/sources/s-714445BC/F7DC5BA3-contents
 delete mode 100644 .Rproj.user/58547870/sources/s-714445BC/F954DBDE-contents
 delete mode 100644 .Rproj.user/58547870/sources/s-714445BC/FA11400C-contents
 delete mode 100644 .Rproj.user/58547870/sources/s-714445BC/FB388B90-contents
 delete mode 100644 .Rproj.user/58547870/sources/s-714445BC/FE9F72A
 delete mode 100644 .Rproj.user/58547870/sources/s-714445BC/FE9F72A-contents
 delete mode 100644 .Rproj.user/58547870/sources/s-714445BC/FED2002A-contents
 delete mode 100644 .Rproj.user/58547870/sources/s-714445BC/lock_file
 create mode 100644 .gitignore
]0;/home/yurimaluf/TESE/Tese - Paper/Yuri - Papers/Paper - Robust Estimation via MPD in Beta Regression/Pacote robustbetareg/robustbetareg]0;yurimaluf@Yuri: ~/TESE/Tese - Paper/Yuri - Papers/Paper - Robust Estimation via MPD in Beta Regression/Pacote robustbetareg/robustbetareg[01;32myurimaluf@Yuri[00m:[01;34m~/TESE/Tese - Paper/Yuri - Papers/Paper - Robust Estimation via MPD in Beta Regression/Pacote robustbetareg/robustbetareg[00m$ git commit -m "teste"[K[K[K[K[K[K[K[K[K[K[K[K[K[K[K[K[K[K push origin main
error: cannot run rpostback-askpass: Arquivo ou diretório não encontrado
Username for 'https://github.com': yurimaluf
error: cannot run rpostback-askpass: Arquivo ou diretório não encontrado
Password for 'https://yurimaluf@github.com': 
remote: Support for password authentication was removed on August 13, 2021.
remote: Please see https://docs.github.com/en/get-started/getting-started-with-git/about-remote-repositories#cloning-with-https-urls for information on currently recommended modes of authentication.
fatal: Authentication failed for 'https://github.com/yurimaluf/robustbetareg.git/'
]0;/home/yurimaluf/TESE/Tese - Paper/Yuri - Papers/Paper - Robust Estimation via MPD in Beta Regression/Pacote robustbetareg/robustbetareg]0;yurimaluf@Yuri: ~/TESE/Tese - Paper/Yuri - Papers/Paper - Robust Estimation via MPD in Beta Regression/Pacote robustbetareg/robustbetareg[01;32myurimaluf@Yuri[00m:[01;34m~/TESE/Tese - Paper/Yuri - Papers/Paper - Robust Estimation via MPD in Beta Regression/Pacote robustbetareg/robustbetareg[00m$ git push origin maincommit -m "teste"[1Ppush origin main
error: cannot run rpostback-askpass: Arquivo ou diretório não encontrado
Username for 'https://github.com': yurimaluf
error: cannot run rpostback-askpass: Arquivo ou diretório não encontrado
Password for 'https://yurimaluf@github.com': 
remote: Invalid username or password.
fatal: Authentication failed for 'https://github.com/yurimaluf/robustbetareg.git/'
git add *
]0;/home/yurimaluf/TESE/Tese - Paper/Yuri - Papers/Paper - Robust Estimation via MPD in Beta Regression/Pacote robustbetareg/robustbetareg]0;yurimaluf@Yuri: ~/TESE/Tese - Paper/Yuri - Papers/Paper - Robust Estimation via MPD in Beta Regression/Pacote robustbetareg/robustbetareg[01;32myurimaluf@Yuri[00m:[01;34m~/TESE/Tese - Paper/Yuri - Papers/Paper - Robust Estimation via MPD in Beta Regression/Pacote robustbetareg/robustbetareg[00m$ git commit -m ""t"e"s"t"e"2"
No ramo main
Changes not staged for commit:
	[31mmodified:   .Rproj.user/58547870/console06/A338E771[m
	[31mmodified:   .Rproj.user/58547870/console06/INDEX001[m
	[31mmodified:   .Rproj.user/58547870/sources/prop/7E720DE0[m
	[31mmodified:   .Rproj.user/58547870/sources/prop/INDEX[m
	[31mmodified:   .Rproj.user/shared/notebooks/paths[m

nenhuma modificação adicionada à submissão
]0;/home/yurimaluf/TESE/Tese - Paper/Yuri - Papers/Paper - Robust Estimation via MPD in Beta Regression/Pacote robustbetareg/robustbetareg]0;yurimaluf@Yuri: ~/TESE/Tese - Paper/Yuri - Papers/Paper - Robust Estimation via MPD in Beta Regression/Pacote robustbetareg/robustbetareg[01;32myurimaluf@Yuri[00m:[01;34m~/TESE/Tese - Paper/Yuri - Papers/Paper - Robust Estimation via MPD in Beta Regression/Pacote robustbetareg/robustbetareg[00m$ git psu[K[Kush origin main
Everything up-to-date
]0;/home/yurimaluf/TESE/Tese - Paper/Yuri - Papers/Paper - Robust Estimation via MPD in Beta Regression/Pacote robustbetareg/robustbetareg]0;yurimaluf@Yuri: ~/TESE/Tese - Paper/Yuri - Papers/Paper - Robust Estimation via MPD in Beta Regression/Pacote robustbetareg/robustbetareg[01;32myurimaluf@Yuri[00m:[01;34m~/TESE/Tese - Paper/Yuri - Papers/Paper - Robust Estimation via MPD in Beta Regression/Pacote robustbetareg/robustbetareg[00m$ git push origin maincommit -m "teste2"add *[Kpush origin mainadd *[K[K.
]0;/home/yurimaluf/TESE/Tese - Paper/Yuri - Papers/Paper - Robust Estimation via MPD in Beta Regression/Pacote robustbetareg/robustbetareg]0;yurimaluf@Yuri: ~/TESE/Tese - Paper/Yuri - Papers/Paper - Robust Estimation via MPD in Beta Regression/Pacote robustbetareg/robustbetareg[01;32myurimaluf@Yuri[00m:[01;34m~/TESE/Tese - Paper/Yuri - Papers/Paper - Robust Estimation via MPD in Beta Regression/Pacote robustbetareg/robustbetareg[00m$ git add .push origin maincommit -m "teste2"
[main 38423bd] teste2
 6 files changed, 22 insertions(+), 7 deletions(-)
 rewrite .Rproj.user/58547870/console06/INDEX001 (90%)
]0;/home/yurimaluf/TESE/Tese - Paper/Yuri - Papers/Paper - Robust Estimation via MPD in Beta Regression/Pacote robustbetareg/robustbetareg]0;yurimaluf@Yuri: ~/TESE/Tese - Paper/Yuri - Papers/Paper - Robust Estimation via MPD in Beta Regression/Pacote robustbetareg/robustbetareg[01;32myurimaluf@Yuri[00m:[01;34m~/TESE/Tese - Paper/Yuri - Papers/Paper - Robust Estimation via MPD in Beta Regression/Pacote robustbetareg/robustbetareg[00m$ git psuh [K[K[K[Kush orgi[K[Kigin main
Counting objects: 15, done.
Delta compression using up to 8 threads.
Compressing objects:   7% (1/13)   Compressing objects:  15% (2/13)   Compressing objects:  23% (3/13)   Compressing objects:  30% (4/13)   Compressing objects:  38% (5/13)   Compressing objects:  46% (6/13)   Compressing objects:  53% (7/13)   Compressing objects:  61% (8/13)   Compressing objects:  69% (9/13)   Compressing objects:  76% (10/13)   Compressing objects:  84% (11/13)   Compressing objects:  92% (12/13)   Compressing objects: 100% (13/13)   Compressing objects: 100% (13/13), done.
Writing objects:   6% (1/15)   Writing objects:  13% (2/15)   Writing objects:  20% (3/15)   Writing objects:  26% (4/15)   Writing objects:  33% (5/15)   Writing objects:  40% (6/15)   Writing objects:  46% (7/15)   Writing objects:  53% (8/15)   Writing objects:  60% (9/15)   Writing objects:  66% (10/15)   Writing objects:  73% (11/15)   Writing objects:  80% (12/15)   Writing objects:  86% (13/15)   Writing objects:  93% (14/15)   Writing objects: 100% (15/15)   Writing objects: 100% (15/15), 1.33 KiB | 0 bytes/s, done.
Total 15 (delta 8), reused 0 (delta 0)
remote: Resolving deltas:   0% (0/8)[Kremote: Resolving deltas:  12% (1/8)[Kremote: Resolving deltas:  25% (2/8)[Kremote: Resolving deltas:  37% (3/8)[Kremote: Resolving deltas:  50% (4/8)[Kremote: Resolving deltas:  62% (5/8)[Kremote: Resolving deltas:  75% (6/8)[Kremote: Resolving deltas:  87% (7/8)[Kremote: Resolving deltas: 100% (8/8)[Kremote: Resolving deltas: 100% (8/8), completed with 8 local objects.[K
To https://github.com/yurimaluf/robustbetareg.git
   47f6a88..38423bd  main -> main
]0;/home/yurimaluf/TESE/Tese - Paper/Yuri - Papers/Paper - Robust Estimation via MPD in Beta Regression/Pacote robustbetareg/robustbetareg]0;yurimaluf@Yuri: ~/TESE/Tese - Paper/Yuri - Papers/Paper - Robust Estimation via MPD in Beta Regression/Pacote robustbetareg/robustbetareg[01;32myurimaluf@Yuri[00m:[01;34m~/TESE/Tese - Paper/Yuri - Papers/Paper - Robust Estimation via MPD in Beta Regression/Pacote robustbetareg/robustbetareg[00m$ git add .